// Jest Snapshot v1, https://goo.gl/fbAQLP

exports[`renders homepage unchanged 1`] = `
<div>
  <div
    class="container"
  >
    <form
      data-testid="calc-roman"
    >
      <label>
        Integer:
        <input
          max="1000"
          min="1"
          type="number"
          value="1"
        />
      </label>
      <button
        type="submit"
      >
        Calculate
      </button>
    </form>
    <p>
      RESULT: 
    </p>
  </div>
</div>
`;
